../Core/Src/main.c:91:5:main	8	static
../Core/Src/main.c:154:6:SystemClock_Config	88	static
../Core/Src/main.c:202:13:MX_TIM2_Init	64	static
../Core/Src/main.c:266:13:MX_TIM3_Init	64	static
../Core/Src/main.c:330:13:MX_TIM4_Init	64	static
../Core/Src/main.c:394:13:MX_USART2_UART_Init	8	static
../Core/Src/main.c:427:13:MX_GPIO_Init	48	static
../Core/Src/main.c:460:6:HAL_UART_RxCpltCallback	32	static
../Core/Src/main.c:524:6:HAL_TIM_PWM_PulseFinishedCallback	16	static
../Core/Src/main.c:605:6:Error_Handler	4	static,ignoring_inline_asm
