../Core/Src/main.c:91:5:main	8	static
../Core/Src/main.c:148:6:SystemClock_Config	88	static
../Core/Src/main.c:196:13:MX_TIM2_Init	64	static
../Core/Src/main.c:260:13:MX_TIM3_Init	64	static
../Core/Src/main.c:324:13:MX_TIM4_Init	64	static
../Core/Src/main.c:388:13:MX_USART2_UART_Init	8	static
../Core/Src/main.c:421:13:MX_GPIO_Init	48	static
../Core/Src/main.c:464:6:HAL_UART_RxCpltCallback	72	static,ignoring_inline_asm
../Core/Src/main.c:578:6:HAL_TIM_PWM_PulseFinishedCallback	16	static
../Core/Src/main.c:638:6:Error_Handler	4	static,ignoring_inline_asm
